#-----------------------------------------------------------
# Vivado v2021.2 (64-bit)
# SW Build 3367213 on Tue Oct 19 02:48:09 MDT 2021
# IP Build 3369179 on Thu Oct 21 08:25:16 MDT 2021
# Start of session at: Wed May  4 22:57:35 2022
# Process ID: 49048
# Current directory: D:/OLab/HW/Lab4_3200105278_comOrg/SCPU
# Command line: vivado.exe -gui_launcher_event rodinguilauncherevent41380 D:\OLab\HW\Lab4_3200105278_comOrg\SCPU\SCPU.xpr
# Log file: D:/OLab/HW/Lab4_3200105278_comOrg/SCPU/vivado.log
# Journal file: D:/OLab/HW/Lab4_3200105278_comOrg/SCPU\vivado.jou
# Running On: LAPTOP-9O13O695, OS: Windows, CPU Frequency: 2592 MHz, CPU Physical cores: 6, Host memory: 17041 MB
#-----------------------------------------------------------
start_gui
open_project D:/OLab/HW/Lab4_3200105278_comOrg/SCPU/SCPU.xpr
update_compile_order -fileset sources_1
launch_simulation
source core_tb.tcl
restart
run 35 us
open_project D:/OLab/Lab4/Simulate/SCPU.xpr
update_compile_order -fileset sources_1
launch_simulation
source core_tb.tcl
close_sim
close_project
